// Jest Snapshot v1, https://goo.gl/fbAQLP

exports[`not applying the ref prop results in an error 1`] = `downshift: The ref prop "ref" from getMenuProps was not applied correctly on your menu element.`;

exports[`using a composite component and calling getMenuProps without a refKey results in an error 1`] = `downshift: The ref prop "ref" from getMenuProps was not applied correctly on your menu element.`;
